*** EVALUATION ***
PROGRAM "Controladordevelocidad-JM60.abs"

*********************************************************************************************
TARGET SECTION
---------------------------------------------------------------------------------------------
Processor   : Freescale HC08
Memory Model: SMALL
File Format : ELF\DWARF 2.0
Linker      : SmartLinker V-5.0.53 Build 17146, May 27 2017

*********************************************************************************************
FILE SECTION
---------------------------------------------------------------------------------------------
decodificacion_c.obj                    Model: SMALL,         Lang: ANSI-C,        Compiler Version: ANSI-C/cC++ Compiler for HC08 V-5.0.46 Build 17146, May 27 2017
main_c.obj                              Model: SMALL,         Lang: ANSI-C,        Compiler Version: ANSI-C/cC++ Compiler for HC08 V-5.0.46 Build 17146, May 27 2017
utils_c.obj                             Model: SMALL,         Lang: ANSI-C,        Compiler Version: ANSI-C/cC++ Compiler for HC08 V-5.0.46 Build 17146, May 27 2017
start08_c.obj                           Model: SMALL,         Lang: ANSI-C,        Compiler Version: ANSI-C/cC++ Compiler for HC08 V-5.0.46 Build 17146, May 27 2017
mc9s08jm60_c.obj                        Model: SMALL,         Lang: ANSI-C,        Compiler Version: ANSI-C/cC++ Compiler for HC08 V-5.0.46 Build 17146, May 27 2017
ctype.o (ansiis.lib)                    Model: SMALL,         Lang: ANSI-C,        Compiler Version: ANSI-C/cC++ Compiler for HC08 V-5.0.46 Build 17146, May 27 2017
rtshc08.o (ansiis.lib)                  Model: SMALL,         Lang: ANSI-C,        Compiler Version: ANSI-C/cC++ Compiler for HC08 V-5.0.46 Build 17146, May 27 2017
stdlib.o (ansiis.lib)                   Model: SMALL,         Lang: ANSI-C,        Compiler Version: ANSI-C/cC++ Compiler for HC08 V-5.0.46 Build 17146, May 27 2017

*********************************************************************************************
STARTUP SECTION
---------------------------------------------------------------------------------------------
Entry point: 0x19DB (_Startup)
_startupData is allocated at 0x19E4 and uses 6 Bytes
extern struct _tagStartup {
  unsigned nofZeroOut     1
  _Range   pZeroOut       0x100     279
  _Copy    *toCopyDownBeg 0x28A9
} _startupData;

*********************************************************************************************
SECTION-ALLOCATION SECTION
Section Name                    Size  Type     From       To       Segment
---------------------------------------------------------------------------------------------
.data                            214   R/W      0x100      0x1D5   RAM
.init                            132     R     0x1960     0x19E3   ROM
.startData                        18     R     0x19E4     0x19F5   ROM
.text                           3763     R     0x19F6     0x28A8   ROM
.copy                            220     R     0x28A9     0x2984   ROM
.abs_section_ffe8                  2     R     0xFFE8     0xFFE9   .absSeg0
.abs_section_ffcc                  2     R     0xFFCC     0xFFCD   .absSeg1
.abs_section_ffe0                  2     R     0xFFE0     0xFFE1   .absSeg2
.abs_section_0                     1   N/I        0x0        0x0   .absSeg3
.abs_section_1                     1   N/I        0x1        0x1   .absSeg4
.abs_section_2                     1   N/I        0x2        0x2   .absSeg5
.abs_section_3                     1   N/I        0x3        0x3   .absSeg6
.abs_section_4                     1   N/I        0x4        0x4   .absSeg7
.abs_section_5                     1   N/I        0x5        0x5   .absSeg8
.abs_section_6                     1   N/I        0x6        0x6   .absSeg9
.abs_section_7                     1   N/I        0x7        0x7   .absSeg10
.abs_section_8                     1   N/I        0x8        0x8   .absSeg11
.abs_section_9                     1   N/I        0x9        0x9   .absSeg12
.abs_section_a                     1   N/I        0xA        0xA   .absSeg13
.abs_section_b                     1   N/I        0xB        0xB   .absSeg14
.abs_section_c                     1   N/I        0xC        0xC   .absSeg15
.abs_section_d                     1   N/I        0xD        0xD   .absSeg16
.abs_section_e                     1   N/I        0xE        0xE   .absSeg17
.abs_section_10                    1   N/I       0x10       0x10   .absSeg18
.abs_section_11                    1   N/I       0x11       0x11   .absSeg19
.abs_section_16                    1   N/I       0x16       0x16   .absSeg20
.abs_section_17                    1   N/I       0x17       0x17   .absSeg21
.abs_section_18                    1   N/I       0x18       0x18   .absSeg22
.abs_section_1b                    1   N/I       0x1B       0x1B   .absSeg23
.abs_section_1c                    1   N/I       0x1C       0x1C   .absSeg24
.abs_section_1d                    1   N/I       0x1D       0x1D   .absSeg25
.abs_section_1e                    1   N/I       0x1E       0x1E   .absSeg26
.abs_section_20                    1   N/I       0x20       0x20   .absSeg27
.abs_section_25                    1   N/I       0x25       0x25   .absSeg28
.abs_section_28                    1   N/I       0x28       0x28   .absSeg29
.abs_section_2b                    1   N/I       0x2B       0x2B   .absSeg30
.abs_section_2e                    1   N/I       0x2E       0x2E   .absSeg31
.abs_section_31                    1   N/I       0x31       0x31   .absSeg32
.abs_section_34                    1   N/I       0x34       0x34   .absSeg33
.abs_section_3a                    1   N/I       0x3A       0x3A   .absSeg34
.abs_section_3b                    1   N/I       0x3B       0x3B   .absSeg35
.abs_section_3c                    1   N/I       0x3C       0x3C   .absSeg36
.abs_section_3d                    1   N/I       0x3D       0x3D   .absSeg37
.abs_section_3e                    1   N/I       0x3E       0x3E   .absSeg38
.abs_section_3f                    1   N/I       0x3F       0x3F   .absSeg39
.abs_section_42                    1   N/I       0x42       0x42   .absSeg40
.abs_section_43                    1   N/I       0x43       0x43   .absSeg41
.abs_section_44                    1   N/I       0x44       0x44   .absSeg42
.abs_section_45                    1   N/I       0x45       0x45   .absSeg43
.abs_section_46                    1   N/I       0x46       0x46   .absSeg44
.abs_section_47                    1   N/I       0x47       0x47   .absSeg45
.abs_section_48                    1   N/I       0x48       0x48   .absSeg46
.abs_section_49                    1   N/I       0x49       0x49   .absSeg47
.abs_section_4a                    1   N/I       0x4A       0x4A   .absSeg48
.abs_section_4b                    1   N/I       0x4B       0x4B   .absSeg49
.abs_section_4c                    1   N/I       0x4C       0x4C   .absSeg50
.abs_section_50                    1   N/I       0x50       0x50   .absSeg51
.abs_section_51                    1   N/I       0x51       0x51   .absSeg52
.abs_section_52                    1   N/I       0x52       0x52   .absSeg53
.abs_section_53                    1   N/I       0x53       0x53   .absSeg54
.abs_section_58                    1   N/I       0x58       0x58   .absSeg55
.abs_section_59                    1   N/I       0x59       0x59   .absSeg56
.abs_section_5a                    1   N/I       0x5A       0x5A   .absSeg57
.abs_section_5b                    1   N/I       0x5B       0x5B   .absSeg58
.abs_section_5c                    1   N/I       0x5C       0x5C   .absSeg59
.abs_section_5d                    1   N/I       0x5D       0x5D   .absSeg60
.abs_section_60                    1   N/I       0x60       0x60   .absSeg61
.abs_section_65                    1   N/I       0x65       0x65   .absSeg62
.abs_section_68                    1   N/I       0x68       0x68   .absSeg63
.abs_section_6c                    1   N/I       0x6C       0x6C   .absSeg64
.abs_section_6d                    1   N/I       0x6D       0x6D   .absSeg65
.abs_section_6e                    1   N/I       0x6E       0x6E   .absSeg66
.abs_section_70                    1   N/I       0x70       0x70   .absSeg67
.abs_section_71                    1   N/I       0x71       0x71   .absSeg68
.abs_section_72                    1   N/I       0x72       0x72   .absSeg69
.abs_section_73                    1   N/I       0x73       0x73   .absSeg70
.abs_section_80                    1   N/I       0x80       0x80   .absSeg71
.abs_section_88                    1   N/I       0x88       0x88   .absSeg72
.abs_section_89                    1   N/I       0x89       0x89   .absSeg73
.abs_section_8a                    1   N/I       0x8A       0x8A   .absSeg74
.abs_section_90                    1   N/I       0x90       0x90   .absSeg75
.abs_section_91                    1   N/I       0x91       0x91   .absSeg76
.abs_section_92                    1   N/I       0x92       0x92   .absSeg77
.abs_section_93                    1   N/I       0x93       0x93   .absSeg78
.abs_section_94                    1   N/I       0x94       0x94   .absSeg79
.abs_section_95                    1   N/I       0x95       0x95   .absSeg80
.abs_section_96                    1   N/I       0x96       0x96   .absSeg81
.abs_section_97                    1   N/I       0x97       0x97   .absSeg82
.abs_section_98                    1   N/I       0x98       0x98   .absSeg83
.abs_section_9d                    1   N/I       0x9D       0x9D   .absSeg84
.abs_section_9e                    1   N/I       0x9E       0x9E   .absSeg85
.abs_section_9f                    1   N/I       0x9F       0x9F   .absSeg86
.abs_section_a0                    1   N/I       0xA0       0xA0   .absSeg87
.abs_section_a1                    1   N/I       0xA1       0xA1   .absSeg88
.abs_section_a2                    1   N/I       0xA2       0xA2   .absSeg89
.abs_section_a3                    1   N/I       0xA3       0xA3   .absSeg90
.abs_section_1800                  1   N/I     0x1800     0x1800   .absSeg91
.abs_section_1801                  1   N/I     0x1801     0x1801   .absSeg92
.abs_section_1802                  1   N/I     0x1802     0x1802   .absSeg93
.abs_section_1803                  1   N/I     0x1803     0x1803   .absSeg94
.abs_section_1809                  1   N/I     0x1809     0x1809   .absSeg95
.abs_section_180a                  1   N/I     0x180A     0x180A   .absSeg96
.abs_section_1816                  1   N/I     0x1816     0x1816   .absSeg97
.abs_section_1817                  1   N/I     0x1817     0x1817   .absSeg98
.abs_section_1818                  1   N/I     0x1818     0x1818   .absSeg99
.abs_section_1820                  1   N/I     0x1820     0x1820   .absSeg100
.abs_section_1821                  1   N/I     0x1821     0x1821   .absSeg101
.abs_section_1823                  1   N/I     0x1823     0x1823   .absSeg102
.abs_section_1824                  1   N/I     0x1824     0x1824   .absSeg103
.abs_section_1825                  1   N/I     0x1825     0x1825   .absSeg104
.abs_section_1826                  1   N/I     0x1826     0x1826   .absSeg105
.abs_section_1840                  1   N/I     0x1840     0x1840   .absSeg106
.abs_section_1841                  1   N/I     0x1841     0x1841   .absSeg107
.abs_section_1842                  1   N/I     0x1842     0x1842   .absSeg108
.abs_section_1844                  1   N/I     0x1844     0x1844   .absSeg109
.abs_section_1845                  1   N/I     0x1845     0x1845   .absSeg110
.abs_section_1846                  1   N/I     0x1846     0x1846   .absSeg111
.abs_section_1848                  1   N/I     0x1848     0x1848   .absSeg112
.abs_section_1849                  1   N/I     0x1849     0x1849   .absSeg113
.abs_section_184a                  1   N/I     0x184A     0x184A   .absSeg114
.abs_section_184c                  1   N/I     0x184C     0x184C   .absSeg115
.abs_section_184d                  1   N/I     0x184D     0x184D   .absSeg116
.abs_section_184e                  1   N/I     0x184E     0x184E   .absSeg117
.abs_section_1850                  1   N/I     0x1850     0x1850   .absSeg118
.abs_section_1851                  1   N/I     0x1851     0x1851   .absSeg119
.abs_section_1852                  1   N/I     0x1852     0x1852   .absSeg120
.abs_section_1854                  1   N/I     0x1854     0x1854   .absSeg121
.abs_section_1855                  1   N/I     0x1855     0x1855   .absSeg122
.abs_section_1856                  1   N/I     0x1856     0x1856   .absSeg123
.abs_section_1858                  1   N/I     0x1858     0x1858   .absSeg124
.abs_section_1859                  1   N/I     0x1859     0x1859   .absSeg125
.abs_section_185a                  1   N/I     0x185A     0x185A   .absSeg126
.abs_section_12                    2   N/I       0x12       0x13   .absSeg127
.abs_section_14                    2   N/I       0x14       0x15   .absSeg128
.abs_section_21                    2   N/I       0x21       0x22   .absSeg129
.abs_section_23                    2   N/I       0x23       0x24   .absSeg130
.abs_section_26                    2   N/I       0x26       0x27   .absSeg131
.abs_section_29                    2   N/I       0x29       0x2A   .absSeg132
.abs_section_2c                    2   N/I       0x2C       0x2D   .absSeg133
.abs_section_2f                    2   N/I       0x2F       0x30   .absSeg134
.abs_section_32                    2   N/I       0x32       0x33   .absSeg135
.abs_section_35                    2   N/I       0x35       0x36   .absSeg136
.abs_section_38                    2   N/I       0x38       0x39   .absSeg137
.abs_section_40                    2   N/I       0x40       0x41   .absSeg138
.abs_section_54                    2   N/I       0x54       0x55   .absSeg139
.abs_section_56                    2   N/I       0x56       0x57   .absSeg140
.abs_section_61                    2   N/I       0x61       0x62   .absSeg141
.abs_section_63                    2   N/I       0x63       0x64   .absSeg142
.abs_section_66                    2   N/I       0x66       0x67   .absSeg143
.abs_section_69                    2   N/I       0x69       0x6A   .absSeg144
.abs_section_74                    2   N/I       0x74       0x75   .absSeg145
.abs_section_76                    2   N/I       0x76       0x77   .absSeg146
.abs_section_1806                  2   N/I     0x1806     0x1807   .absSeg147
.abs_section_1810                  2   N/I     0x1810     0x1811   .absSeg148
.abs_section_1812                  2   N/I     0x1812     0x1813   .absSeg149
.abs_section_1814                  2   N/I     0x1814     0x1815   .absSeg150
.bss                              61   R/W      0x1D6      0x212   RAM
.common                            4   R/W      0x213      0x216   RAM
.stack                           128   R/W      0x217      0x296   RAM
.vectSeg151_vect                   2     R     0xFFFE     0xFFFF   .vectSeg151

Summary of section sizes per section type:
READ_ONLY (R):        102D (dec:     4141)
READ_WRITE (R/W):      197 (dec:      407)
NO_INIT (N/I):          AC (dec:      172)

*********************************************************************************************
VECTOR-ALLOCATION SECTION
    Address     InitValue   InitFunction
---------------------------------------------------------------------------------------------
     0xFFFE        0x19DB   _Startup

*********************************************************************************************
OBJECT-ALLOCATION SECTION
     Name               Module                 Addr   hSize   dSize     Ref    Section   RLIB
---------------------------------------------------------------------------------------------
MODULE:                 -- decodificacion_c.obj --
- PROCEDURES:
     leerEstado                                19F6      2C      44       1   .text       
     leerVelocidad                             1A22      31      49       1   .text       
- VARIABLES:
MODULE:                 -- main_c.obj --
- PROCEDURES:
     main                                      1A53     107     263       3   .text       
     initDeteccionFlancos                      1B5A       8       8       1   .text       
     inicializacionPuertos                     1B62      29      41       1   .text       
     inicializacionTimer                       1B8B       9       9       1   .text       
     tovf                                      1B94      15      21       1   .text       
     tiempoDeMedicion                          1BA9      6C     108       1   .text       
     decodificado                              1C15      7D     125       1   .text       
     estadoControl                             1C92       F      15       1   .text       
     iniciarCambioDeModo                       1CA1      54      84       1   .text       
     indicarCambioDeModo                       1CF5      33      51       1   .text       
     cambiarVelocidad                          1D28      13      19       1   .text       
     setVelocidad                              1D3B       5       5       1   .text       
     notificarConBuzzer                        1D40      1B      27       6   .text       
     mostrarUso                                1D5B      27      39       2   .text       
     estadoPOnOff                              1D82      4A      74       2   .text       
     estadoPCV                                 1DCC      4A      74       2   .text       
     indicarVelocidadElegida                   1E16       8       8       1   .text       
     apagar                                    1E1E       E      14       2   .text       
     apagarTimer                               1E2C       3       3       1   .text       
     encender                                  1E2F       B      11       2   .text       
     pinInterrupt                              1E3A       8       8       1   .text       
     tm1Interrupt                              1E42      34      52       1   .text       
     manejarDC0                                1E76      36      54       1   .text       
     mostrarNumero                             1EAC      51      81       7   .text       
     mostrarHorasEnDisplay                     1EFD     14E     334       1   .text       
- VARIABLES:
     estadoActual                               100       1       1       1   .data       
     secuencia                                  101      C8     200       1   .data       
     usoActual                                  1C9       1       1       1   .data       
     digito                                     1CA       A      10       2   .data       
     estado                                     1D4       1       1       5   .data       
     estadoAnterior                             1D5       1       1       3   .data       
     t                                          1D6       2       2       7   .bss        
     u                                          1D8       2       2       7   .bss        
     w                                          1DA       2       2       3   .bss        
     contadorPulsos                             1DC       2       2       6   .bss        
     decodificacion                             1DE       2       2       3   .bss        
     v                                          1E0      28      40       4   .bss        
     esperoSigInstruccion                       208       1       1       3   .bss        
     terminoStart                               209       1       1       1   .bss        
     confirmacionPendiente                      20A       1       1       4   .bss        
     velElegida                                 20B       1       1       6   .bss        
     controlEncendido                           20C       1       1       5   .bss        
     contadorCiclos                             20D       1       1       4   .bss        
     contadorSegundos                           20E       1       1       3   .bss        
     contadorMinutos                            20F       1       1       3   .bss        
     cantidadHoras                              210       2       2       3   .bss        
     pulsos                                     212       1       1       1   .bss        
     _Vector_11                                FFE8       2       2       0   .abs_section_ffe8
     _Vector_25                                FFCC       2       2       0   .abs_section_ffcc
     _Vector_15                                FFE0       2       2       0   .abs_section_ffe0
     resultado                                  213       2       2       1   .common     
MODULE:                 -- utils_c.obj --
- PROCEDURES:
     cicloCompleto                             204B      17      23       1   .text       
     delay                                     2062      1E      30       2   .text       
     determinarUso                             2080      37      55       1   .text       
- VARIABLES:
MODULE:                 -- start08_c.obj --
- PROCEDURES:
     loadByte                                  1960       E      14       5   .init       
     Init                                      196E      6D     109       1   .init       
     _Startup                                  19DB       9       9       0   .init       
- VARIABLES:
     _startupData                              19E4       6       6       4   .startData  
- LABELS:
     __SEG_END_SSTACK                           297       0       0       1               
MODULE:                 -- mc9s08jm60_c.obj --
- PROCEDURES:
- VARIABLES:
     _PTAD                                        0       1       1       0   .abs_section_0
     _PTADD                                       1       1       1       2   .abs_section_1
     _PTBD                                        2       1       1      15   .abs_section_2
     _PTBDD                                       3       1       1       4   .abs_section_3
     _PTCD                                        4       1       1      18   .abs_section_4
     _PTCDD                                       5       1       1       6   .abs_section_5
     _PTDD                                        6       1       1       0   .abs_section_6
     _PTDDD                                       7       1       1       0   .abs_section_7
     _PTED                                        8       1       1       0   .abs_section_8
     _PTEDD                                       9       1       1       0   .abs_section_9
     _PTFD                                        A       1       1       0   .abs_section_a
     _PTFDD                                       B       1       1       0   .abs_section_b
     _PTGD                                        C       1       1      10   .abs_section_c
     _PTGDD                                       D       1       1       2   .abs_section_d
     _ACMPSC                                      E       1       1       0   .abs_section_e
     _ADCSC1                                     10       1       1       0   .abs_section_10
     _ADCSC2                                     11       1       1       0   .abs_section_11
     _ADCCFG                                     16       1       1       0   .abs_section_16
     _APCTL1                                     17       1       1       0   .abs_section_17
     _APCTL2                                     18       1       1       0   .abs_section_18
     _IRQSC                                      1B       1       1       0   .abs_section_1b
     _KBISC                                      1C       1       1       1   .abs_section_1c
     _KBIPE                                      1D       1       1       0   .abs_section_1d
     _KBIES                                      1E       1       1       0   .abs_section_1e
     _TPM1SC                                     20       1       1       5   .abs_section_20
     _TPM1C0SC                                   25       1       1       2   .abs_section_25
     _TPM1C1SC                                   28       1       1       1   .abs_section_28
     _TPM1C2SC                                   2B       1       1       3   .abs_section_2b
     _TPM1C3SC                                   2E       1       1       0   .abs_section_2e
     _TPM1C4SC                                   31       1       1       0   .abs_section_31
     _TPM1C5SC                                   34       1       1       0   .abs_section_34
     _SCI1C1                                     3A       1       1       0   .abs_section_3a
     _SCI1C2                                     3B       1       1       0   .abs_section_3b
     _SCI1S1                                     3C       1       1       0   .abs_section_3c
     _SCI1S2                                     3D       1       1       0   .abs_section_3d
     _SCI1C3                                     3E       1       1       0   .abs_section_3e
     _SCI1D                                      3F       1       1       0   .abs_section_3f
     _SCI2C1                                     42       1       1       0   .abs_section_42
     _SCI2C2                                     43       1       1       0   .abs_section_43
     _SCI2S1                                     44       1       1       0   .abs_section_44
     _SCI2S2                                     45       1       1       0   .abs_section_45
     _SCI2C3                                     46       1       1       0   .abs_section_46
     _SCI2D                                      47       1       1       0   .abs_section_47
     _MCGC1                                      48       1       1       0   .abs_section_48
     _MCGC2                                      49       1       1       0   .abs_section_49
     _MCGTRM                                     4A       1       1       0   .abs_section_4a
     _MCGSC                                      4B       1       1       0   .abs_section_4b
     _MCGC3                                      4C       1       1       0   .abs_section_4c
     _SPI1C1                                     50       1       1       0   .abs_section_50
     _SPI1C2                                     51       1       1       0   .abs_section_51
     _SPI1BR                                     52       1       1       0   .abs_section_52
     _SPI1S                                      53       1       1       0   .abs_section_53
     _IICA                                       58       1       1       0   .abs_section_58
     _IICF                                       59       1       1       0   .abs_section_59
     _IICC1                                      5A       1       1       0   .abs_section_5a
     _IICS                                       5B       1       1       0   .abs_section_5b
     _IICD                                       5C       1       1       0   .abs_section_5c
     _IICC2                                      5D       1       1       0   .abs_section_5d
     _TPM2SC                                     60       1       1       8   .abs_section_60
     _TPM2C0SC                                   65       1       1       0   .abs_section_65
     _TPM2C1SC                                   68       1       1       0   .abs_section_68
     _RTCSC                                      6C       1       1       0   .abs_section_6c
     _RTCCNT                                     6D       1       1       0   .abs_section_6d
     _RTCMOD                                     6E       1       1       0   .abs_section_6e
     _SPI2C1                                     70       1       1       0   .abs_section_70
     _SPI2C2                                     71       1       1       0   .abs_section_71
     _SPI2BR                                     72       1       1       0   .abs_section_72
     _SPI2S                                      73       1       1       0   .abs_section_73
     _USBCTL0                                    80       1       1       0   .abs_section_80
     _PERID                                      88       1       1       0   .abs_section_88
     _IDCOMP                                     89       1       1       0   .abs_section_89
     _REV                                        8A       1       1       0   .abs_section_8a
     _INTSTAT                                    90       1       1       0   .abs_section_90
     _INTENB                                     91       1       1       0   .abs_section_91
     _ERRSTAT                                    92       1       1       0   .abs_section_92
     _ERRENB                                     93       1       1       0   .abs_section_93
     _STAT                                       94       1       1       0   .abs_section_94
     _CTL                                        95       1       1       0   .abs_section_95
     _ADDR                                       96       1       1       0   .abs_section_96
     _FRMNUML                                    97       1       1       0   .abs_section_97
     _FRMNUMH                                    98       1       1       0   .abs_section_98
     _EPCTL0                                     9D       1       1       0   .abs_section_9d
     _EPCTL1                                     9E       1       1       0   .abs_section_9e
     _EPCTL2                                     9F       1       1       0   .abs_section_9f
     _EPCTL3                                     A0       1       1       0   .abs_section_a0
     _EPCTL4                                     A1       1       1       0   .abs_section_a1
     _EPCTL5                                     A2       1       1       0   .abs_section_a2
     _EPCTL6                                     A3       1       1       0   .abs_section_a3
     _SRS                                      1800       1       1       0   .abs_section_1800
     _SBDFR                                    1801       1       1       0   .abs_section_1801
     _SOPT1                                    1802       1       1       1   .abs_section_1802
     _SOPT2                                    1803       1       1       0   .abs_section_1803
     _SPMSC1                                   1809       1       1       0   .abs_section_1809
     _SPMSC2                                   180A       1       1       0   .abs_section_180a
     _DBGC                                     1816       1       1       0   .abs_section_1816
     _DBGT                                     1817       1       1       0   .abs_section_1817
     _DBGS                                     1818       1       1       0   .abs_section_1818
     _FCDIV                                    1820       1       1       0   .abs_section_1820
     _FOPT                                     1821       1       1       0   .abs_section_1821
     _FCNFG                                    1823       1       1       0   .abs_section_1823
     _FPROT                                    1824       1       1       0   .abs_section_1824
     _FSTAT                                    1825       1       1       0   .abs_section_1825
     _FCMD                                     1826       1       1       0   .abs_section_1826
     _PTAPE                                    1840       1       1       0   .abs_section_1840
     _PTASE                                    1841       1       1       0   .abs_section_1841
     _PTADS                                    1842       1       1       0   .abs_section_1842
     _PTBPE                                    1844       1       1       0   .abs_section_1844
     _PTBSE                                    1845       1       1       0   .abs_section_1845
     _PTBDS                                    1846       1       1       0   .abs_section_1846
     _PTCPE                                    1848       1       1       0   .abs_section_1848
     _PTCSE                                    1849       1       1       0   .abs_section_1849
     _PTCDS                                    184A       1       1       0   .abs_section_184a
     _PTDPE                                    184C       1       1       0   .abs_section_184c
     _PTDSE                                    184D       1       1       0   .abs_section_184d
     _PTDDS                                    184E       1       1       0   .abs_section_184e
     _PTEPE                                    1850       1       1       0   .abs_section_1850
     _PTESE                                    1851       1       1       0   .abs_section_1851
     _PTEDS                                    1852       1       1       0   .abs_section_1852
     _PTFPE                                    1854       1       1       0   .abs_section_1854
     _PTFSE                                    1855       1       1       0   .abs_section_1855
     _PTFDS                                    1856       1       1       0   .abs_section_1856
     _PTGPE                                    1858       1       1       0   .abs_section_1858
     _PTGSE                                    1859       1       1       0   .abs_section_1859
     _PTGDS                                    185A       1       1       0   .abs_section_185a
     _ADCR                                       12       2       2       0   .abs_section_12
     _ADCCV                                      14       2       2       0   .abs_section_14
     _TPM1CNT                                    21       2       2       0   .abs_section_21
     _TPM1MOD                                    23       2       2       1   .abs_section_23
     _TPM1C0V                                    26       2       2       2   .abs_section_26
     _TPM1C1V                                    29       2       2       0   .abs_section_29
     _TPM1C2V                                    2C       2       2       0   .abs_section_2c
     _TPM1C3V                                    2F       2       2       0   .abs_section_2f
     _TPM1C4V                                    32       2       2       0   .abs_section_32
     _TPM1C5V                                    35       2       2       0   .abs_section_35
     _SCI1BD                                     38       2       2       0   .abs_section_38
     _SCI2BD                                     40       2       2       0   .abs_section_40
     _SPI1D16                                    54       2       2       0   .abs_section_54
     _SPI1M                                      56       2       2       0   .abs_section_56
     _TPM2CNT                                    61       2       2       0   .abs_section_61
     _TPM2MOD                                    63       2       2       2   .abs_section_63
     _TPM2C0V                                    66       2       2       0   .abs_section_66
     _TPM2C1V                                    69       2       2       0   .abs_section_69
     _SPI2D16                                    74       2       2       0   .abs_section_74
     _SPI2M                                      76       2       2       0   .abs_section_76
     _SDID                                     1806       2       2       0   .abs_section_1806
     _DBGCA                                    1810       2       2       0   .abs_section_1810
     _DBGCB                                    1812       2       2       0   .abs_section_1812
     _DBGF                                     1814       2       2       0   .abs_section_1814
MODULE:                 -- ctype.o (ansiis.lib) --
- PROCEDURES:
     isdigit                                   20B7       E      14       1   .text       
     isspace                                   20C5      1E      30       2   .text       
     toupper                                   20E3      1C      28       3   .text       
- VARIABLES:
MODULE:                 -- rtshc08.o (ansiis.lib) --
- PROCEDURES:
     _PUSH_ARGS_L                              20FF      20      32       2   .text       
     _ENTER_UNARY_L                            211F      29      41       1   .text       
     _ENTER_BINARY_L                           2148      16      22       4   .text       
     _ENTER_BINARY_L_LC                        215E      1A      26       1   .text       
     _IDIVMOD                                  2178      69     105       1   .text       
     _SPLITSIGN                                21E1      1C      28       1   .text       
     _LADD_k_is_k_plus_j                       21FD      1F      31       1   .text       
     _k_is_k_plus_j_l                          221C      1E      30       2   .text       
     _k_is_k_plus_j_i                          223A      12      18       3   .text       
     _LSUB_k_is_k_minus_j                      224C      1F      31       1   .text       
     _LMUL_k_is_k_mul_j                        226B      81     129       1   .text       
     _LDIVMOD                                  22EC      A4     164       1   .text       
     _LDIVU_k_is_k_div_j                       2390      17      23       1   .text       
     _LCMP_k_rel_j                             23A7      1F      31       1   .text       
     _IMUL_STAR08                              23C6      27      39       6   .text       
     _IDIVS_STAR08                             23ED      1B      27       3   .text       
     _LNEG                                     2408      1C      28       1   .text       
     _LADD                                     2424       6       6       1   .text       
     _LSUB_LC                                  242A       6       6       1   .text       
     _LMUL                                     2430       6       6       1   .text       
     _LDIVU                                    2436       6       6       1   .text       
     _LCMP                                     243C       6       6       1   .text       
     _COPY                                     2442      30      48       3   .text       
     _POP32                                    2472      1A      26       2   .text       
     _SEXT16_32                                248C       D      13       3   .text       
     _Jump_Table_Header_Offset                 2499      24      36       4   .text       
     _PUSH_CC                                  24BD       F      15       1   .text       
     _POP_CC                                   24CC       F      15       1   .text       
- VARIABLES:
     errno                                      215       2       2       2   .common     
MODULE:                 -- stdlib.o (ansiis.lib) --
- PROCEDURES:
     CheckCharWithBase                         24DB      50      80       2   .text       
     _strtoul                                  252B     1FF     511       9   .text       
     _strtol                                   272A     152     338       2   .text       
     strtol                                    287C      2D      45       1   .text       
- VARIABLES:

*********************************************************************************************
MODULE STATISTIC
  Name                                      Data   Code  Const
---------------------------------------------------------------------------------------------
  decodificacion_c.obj                         0     93      0
  main_c.obj                                 277   1528      6
  utils_c.obj                                  0    108      0
  start08_c.obj                                0    132      0
  mc9s08jm60_c.obj                           172      0      0
  ctype.o (ansiis.lib)                         0     72      0
  rtshc08.o (ansiis.lib)                       2    988      0
  stdlib.o (ansiis.lib)                        0    974      0
  other                                      128     20    220

*********************************************************************************************
SECTION USE IN OBJECT-ALLOCATION SECTION
---------------------------------------------------------------------------------------------
SECTION: ".text"
  leerEstado leerVelocidad main initDeteccionFlancos inicializacionPuertos 
  inicializacionTimer tovf tiempoDeMedicion decodificado estadoControl 
  iniciarCambioDeModo indicarCambioDeModo cambiarVelocidad setVelocidad 
  notificarConBuzzer mostrarUso estadoPOnOff estadoPCV indicarVelocidadElegida 
  apagar apagarTimer encender pinInterrupt tm1Interrupt manejarDC0 
  mostrarNumero mostrarHorasEnDisplay cicloCompleto delay determinarUso isdigit 
  isspace toupper _PUSH_ARGS_L _ENTER_UNARY_L _ENTER_BINARY_L 
  _ENTER_BINARY_L_LC _IDIVMOD _SPLITSIGN _LADD_k_is_k_plus_j _k_is_k_plus_j_l 
  _k_is_k_plus_j_i _LSUB_k_is_k_minus_j _LMUL_k_is_k_mul_j _LDIVMOD 
  _LDIVU_k_is_k_div_j _LCMP_k_rel_j _IMUL_STAR08 _IDIVS_STAR08 _LNEG _LADD 
  _LSUB_LC _LMUL _LDIVU _LCMP _COPY _POP32 _SEXT16_32 _Jump_Table_Header_Offset 
  _PUSH_CC _POP_CC CheckCharWithBase _strtoul _strtol strtol 
SECTION: ".data"
  estadoActual secuencia usoActual digito estado estadoAnterior 
SECTION: ".bss"
  t u w contadorPulsos decodificacion v esperoSigInstruccion terminoStart 
  confirmacionPendiente velElegida controlEncendido contadorCiclos 
  contadorSegundos contadorMinutos cantidadHoras pulsos 
SECTION: ".init"
  loadByte Init _Startup 
SECTION: ".common"
  resultado errno 
SECTION: ".abs_section_ffe8"
  _Vector_11 
SECTION: ".abs_section_ffcc"
  _Vector_25 
SECTION: ".abs_section_ffe0"
  _Vector_15 
SECTION: ".abs_section_0"
  _PTAD 
SECTION: ".abs_section_1"
  _PTADD 
SECTION: ".abs_section_2"
  _PTBD 
SECTION: ".abs_section_3"
  _PTBDD 
SECTION: ".abs_section_4"
  _PTCD 
SECTION: ".abs_section_5"
  _PTCDD 
SECTION: ".abs_section_6"
  _PTDD 
SECTION: ".abs_section_7"
  _PTDDD 
SECTION: ".abs_section_8"
  _PTED 
SECTION: ".abs_section_9"
  _PTEDD 
SECTION: ".abs_section_a"
  _PTFD 
SECTION: ".abs_section_b"
  _PTFDD 
SECTION: ".abs_section_c"
  _PTGD 
SECTION: ".abs_section_d"
  _PTGDD 
SECTION: ".abs_section_e"
  _ACMPSC 
SECTION: ".abs_section_10"
  _ADCSC1 
SECTION: ".abs_section_11"
  _ADCSC2 
SECTION: ".abs_section_16"
  _ADCCFG 
SECTION: ".abs_section_17"
  _APCTL1 
SECTION: ".abs_section_18"
  _APCTL2 
SECTION: ".abs_section_1b"
  _IRQSC 
SECTION: ".abs_section_1c"
  _KBISC 
SECTION: ".abs_section_1d"
  _KBIPE 
SECTION: ".abs_section_1e"
  _KBIES 
SECTION: ".abs_section_20"
  _TPM1SC 
SECTION: ".abs_section_25"
  _TPM1C0SC 
SECTION: ".abs_section_28"
  _TPM1C1SC 
SECTION: ".abs_section_2b"
  _TPM1C2SC 
SECTION: ".abs_section_2e"
  _TPM1C3SC 
SECTION: ".abs_section_31"
  _TPM1C4SC 
SECTION: ".abs_section_34"
  _TPM1C5SC 
SECTION: ".abs_section_3a"
  _SCI1C1 
SECTION: ".abs_section_3b"
  _SCI1C2 
SECTION: ".abs_section_3c"
  _SCI1S1 
SECTION: ".abs_section_3d"
  _SCI1S2 
SECTION: ".abs_section_3e"
  _SCI1C3 
SECTION: ".abs_section_3f"
  _SCI1D 
SECTION: ".abs_section_42"
  _SCI2C1 
SECTION: ".abs_section_43"
  _SCI2C2 
SECTION: ".abs_section_44"
  _SCI2S1 
SECTION: ".abs_section_45"
  _SCI2S2 
SECTION: ".abs_section_46"
  _SCI2C3 
SECTION: ".abs_section_47"
  _SCI2D 
SECTION: ".abs_section_48"
  _MCGC1 
SECTION: ".abs_section_49"
  _MCGC2 
SECTION: ".abs_section_4a"
  _MCGTRM 
SECTION: ".abs_section_4b"
  _MCGSC 
SECTION: ".abs_section_4c"
  _MCGC3 
SECTION: ".abs_section_50"
  _SPI1C1 
SECTION: ".abs_section_51"
  _SPI1C2 
SECTION: ".abs_section_52"
  _SPI1BR 
SECTION: ".abs_section_53"
  _SPI1S 
SECTION: ".abs_section_58"
  _IICA 
SECTION: ".abs_section_59"
  _IICF 
SECTION: ".abs_section_5a"
  _IICC1 
SECTION: ".abs_section_5b"
  _IICS 
SECTION: ".abs_section_5c"
  _IICD 
SECTION: ".abs_section_5d"
  _IICC2 
SECTION: ".abs_section_60"
  _TPM2SC 
SECTION: ".abs_section_65"
  _TPM2C0SC 
SECTION: ".abs_section_68"
  _TPM2C1SC 
SECTION: ".abs_section_6c"
  _RTCSC 
SECTION: ".abs_section_6d"
  _RTCCNT 
SECTION: ".abs_section_6e"
  _RTCMOD 
SECTION: ".abs_section_70"
  _SPI2C1 
SECTION: ".abs_section_71"
  _SPI2C2 
SECTION: ".abs_section_72"
  _SPI2BR 
SECTION: ".abs_section_73"
  _SPI2S 
SECTION: ".abs_section_80"
  _USBCTL0 
SECTION: ".abs_section_88"
  _PERID 
SECTION: ".abs_section_89"
  _IDCOMP 
SECTION: ".abs_section_8a"
  _REV 
SECTION: ".abs_section_90"
  _INTSTAT 
SECTION: ".abs_section_91"
  _INTENB 
SECTION: ".abs_section_92"
  _ERRSTAT 
SECTION: ".abs_section_93"
  _ERRENB 
SECTION: ".abs_section_94"
  _STAT 
SECTION: ".abs_section_95"
  _CTL 
SECTION: ".abs_section_96"
  _ADDR 
SECTION: ".abs_section_97"
  _FRMNUML 
SECTION: ".abs_section_98"
  _FRMNUMH 
SECTION: ".abs_section_9d"
  _EPCTL0 
SECTION: ".abs_section_9e"
  _EPCTL1 
SECTION: ".abs_section_9f"
  _EPCTL2 
SECTION: ".abs_section_a0"
  _EPCTL3 
SECTION: ".abs_section_a1"
  _EPCTL4 
SECTION: ".abs_section_a2"
  _EPCTL5 
SECTION: ".abs_section_a3"
  _EPCTL6 
SECTION: ".abs_section_1800"
  _SRS 
SECTION: ".abs_section_1801"
  _SBDFR 
SECTION: ".abs_section_1802"
  _SOPT1 
SECTION: ".abs_section_1803"
  _SOPT2 
SECTION: ".abs_section_1809"
  _SPMSC1 
SECTION: ".abs_section_180a"
  _SPMSC2 
SECTION: ".abs_section_1816"
  _DBGC 
SECTION: ".abs_section_1817"
  _DBGT 
SECTION: ".abs_section_1818"
  _DBGS 
SECTION: ".abs_section_1820"
  _FCDIV 
SECTION: ".abs_section_1821"
  _FOPT 
SECTION: ".abs_section_1823"
  _FCNFG 
SECTION: ".abs_section_1824"
  _FPROT 
SECTION: ".abs_section_1825"
  _FSTAT 
SECTION: ".abs_section_1826"
  _FCMD 
SECTION: ".abs_section_1840"
  _PTAPE 
SECTION: ".abs_section_1841"
  _PTASE 
SECTION: ".abs_section_1842"
  _PTADS 
SECTION: ".abs_section_1844"
  _PTBPE 
SECTION: ".abs_section_1845"
  _PTBSE 
SECTION: ".abs_section_1846"
  _PTBDS 
SECTION: ".abs_section_1848"
  _PTCPE 
SECTION: ".abs_section_1849"
  _PTCSE 
SECTION: ".abs_section_184a"
  _PTCDS 
SECTION: ".abs_section_184c"
  _PTDPE 
SECTION: ".abs_section_184d"
  _PTDSE 
SECTION: ".abs_section_184e"
  _PTDDS 
SECTION: ".abs_section_1850"
  _PTEPE 
SECTION: ".abs_section_1851"
  _PTESE 
SECTION: ".abs_section_1852"
  _PTEDS 
SECTION: ".abs_section_1854"
  _PTFPE 
SECTION: ".abs_section_1855"
  _PTFSE 
SECTION: ".abs_section_1856"
  _PTFDS 
SECTION: ".abs_section_1858"
  _PTGPE 
SECTION: ".abs_section_1859"
  _PTGSE 
SECTION: ".abs_section_185a"
  _PTGDS 
SECTION: ".abs_section_12"
  _ADCR 
SECTION: ".abs_section_14"
  _ADCCV 
SECTION: ".abs_section_21"
  _TPM1CNT 
SECTION: ".abs_section_23"
  _TPM1MOD 
SECTION: ".abs_section_26"
  _TPM1C0V 
SECTION: ".abs_section_29"
  _TPM1C1V 
SECTION: ".abs_section_2c"
  _TPM1C2V 
SECTION: ".abs_section_2f"
  _TPM1C3V 
SECTION: ".abs_section_32"
  _TPM1C4V 
SECTION: ".abs_section_35"
  _TPM1C5V 
SECTION: ".abs_section_38"
  _SCI1BD 
SECTION: ".abs_section_40"
  _SCI2BD 
SECTION: ".abs_section_54"
  _SPI1D16 
SECTION: ".abs_section_56"
  _SPI1M 
SECTION: ".abs_section_61"
  _TPM2CNT 
SECTION: ".abs_section_63"
  _TPM2MOD 
SECTION: ".abs_section_66"
  _TPM2C0V 
SECTION: ".abs_section_69"
  _TPM2C1V 
SECTION: ".abs_section_74"
  _SPI2D16 
SECTION: ".abs_section_76"
  _SPI2M 
SECTION: ".abs_section_1806"
  _SDID 
SECTION: ".abs_section_1810"
  _DBGCA 
SECTION: ".abs_section_1812"
  _DBGCB 
SECTION: ".abs_section_1814"
  _DBGF 

*********************************************************************************************
OBJECT LIST SORTED BY ADDRESS
     Name                                      Addr   hSize   dSize     Ref    Section   RLIB
---------------------------------------------------------------------------------------------
     _PTAD                                        0       1       1       0   .abs_section_0
     _PTADD                                       1       1       1       2   .abs_section_1
     _PTBD                                        2       1       1      15   .abs_section_2
     _PTBDD                                       3       1       1       4   .abs_section_3
     _PTCD                                        4       1       1      18   .abs_section_4
     _PTCDD                                       5       1       1       6   .abs_section_5
     _PTDD                                        6       1       1       0   .abs_section_6
     _PTDDD                                       7       1       1       0   .abs_section_7
     _PTED                                        8       1       1       0   .abs_section_8
     _PTEDD                                       9       1       1       0   .abs_section_9
     _PTFD                                        A       1       1       0   .abs_section_a
     _PTFDD                                       B       1       1       0   .abs_section_b
     _PTGD                                        C       1       1      10   .abs_section_c
     _PTGDD                                       D       1       1       2   .abs_section_d
     _ACMPSC                                      E       1       1       0   .abs_section_e
     _ADCSC1                                     10       1       1       0   .abs_section_10
     _ADCSC2                                     11       1       1       0   .abs_section_11
     _ADCR                                       12       2       2       0   .abs_section_12
     _ADCCV                                      14       2       2       0   .abs_section_14
     _ADCCFG                                     16       1       1       0   .abs_section_16
     _APCTL1                                     17       1       1       0   .abs_section_17
     _APCTL2                                     18       1       1       0   .abs_section_18
     _IRQSC                                      1B       1       1       0   .abs_section_1b
     _KBISC                                      1C       1       1       1   .abs_section_1c
     _KBIPE                                      1D       1       1       0   .abs_section_1d
     _KBIES                                      1E       1       1       0   .abs_section_1e
     _TPM1SC                                     20       1       1       5   .abs_section_20
     _TPM1CNT                                    21       2       2       0   .abs_section_21
     _TPM1MOD                                    23       2       2       1   .abs_section_23
     _TPM1C0SC                                   25       1       1       2   .abs_section_25
     _TPM1C0V                                    26       2       2       2   .abs_section_26
     _TPM1C1SC                                   28       1       1       1   .abs_section_28
     _TPM1C1V                                    29       2       2       0   .abs_section_29
     _TPM1C2SC                                   2B       1       1       3   .abs_section_2b
     _TPM1C2V                                    2C       2       2       0   .abs_section_2c
     _TPM1C3SC                                   2E       1       1       0   .abs_section_2e
     _TPM1C3V                                    2F       2       2       0   .abs_section_2f
     _TPM1C4SC                                   31       1       1       0   .abs_section_31
     _TPM1C4V                                    32       2       2       0   .abs_section_32
     _TPM1C5SC                                   34       1       1       0   .abs_section_34
     _TPM1C5V                                    35       2       2       0   .abs_section_35
     _SCI1BD                                     38       2       2       0   .abs_section_38
     _SCI1C1                                     3A       1       1       0   .abs_section_3a
     _SCI1C2                                     3B       1       1       0   .abs_section_3b
     _SCI1S1                                     3C       1       1       0   .abs_section_3c
     _SCI1S2                                     3D       1       1       0   .abs_section_3d
     _SCI1C3                                     3E       1       1       0   .abs_section_3e
     _SCI1D                                      3F       1       1       0   .abs_section_3f
     _SCI2BD                                     40       2       2       0   .abs_section_40
     _SCI2C1                                     42       1       1       0   .abs_section_42
     _SCI2C2                                     43       1       1       0   .abs_section_43
     _SCI2S1                                     44       1       1       0   .abs_section_44
     _SCI2S2                                     45       1       1       0   .abs_section_45
     _SCI2C3                                     46       1       1       0   .abs_section_46
     _SCI2D                                      47       1       1       0   .abs_section_47
     _MCGC1                                      48       1       1       0   .abs_section_48
     _MCGC2                                      49       1       1       0   .abs_section_49
     _MCGTRM                                     4A       1       1       0   .abs_section_4a
     _MCGSC                                      4B       1       1       0   .abs_section_4b
     _MCGC3                                      4C       1       1       0   .abs_section_4c
     _SPI1C1                                     50       1       1       0   .abs_section_50
     _SPI1C2                                     51       1       1       0   .abs_section_51
     _SPI1BR                                     52       1       1       0   .abs_section_52
     _SPI1S                                      53       1       1       0   .abs_section_53
     _SPI1D16                                    54       2       2       0   .abs_section_54
     _SPI1M                                      56       2       2       0   .abs_section_56
     _IICA                                       58       1       1       0   .abs_section_58
     _IICF                                       59       1       1       0   .abs_section_59
     _IICC1                                      5A       1       1       0   .abs_section_5a
     _IICS                                       5B       1       1       0   .abs_section_5b
     _IICD                                       5C       1       1       0   .abs_section_5c
     _IICC2                                      5D       1       1       0   .abs_section_5d
     _TPM2SC                                     60       1       1       8   .abs_section_60
     _TPM2CNT                                    61       2       2       0   .abs_section_61
     _TPM2MOD                                    63       2       2       2   .abs_section_63
     _TPM2C0SC                                   65       1       1       0   .abs_section_65
     _TPM2C0V                                    66       2       2       0   .abs_section_66
     _TPM2C1SC                                   68       1       1       0   .abs_section_68
     _TPM2C1V                                    69       2       2       0   .abs_section_69
     _RTCSC                                      6C       1       1       0   .abs_section_6c
     _RTCCNT                                     6D       1       1       0   .abs_section_6d
     _RTCMOD                                     6E       1       1       0   .abs_section_6e
     _SPI2C1                                     70       1       1       0   .abs_section_70
     _SPI2C2                                     71       1       1       0   .abs_section_71
     _SPI2BR                                     72       1       1       0   .abs_section_72
     _SPI2S                                      73       1       1       0   .abs_section_73
     _SPI2D16                                    74       2       2       0   .abs_section_74
     _SPI2M                                      76       2       2       0   .abs_section_76
     _USBCTL0                                    80       1       1       0   .abs_section_80
     _PERID                                      88       1       1       0   .abs_section_88
     _IDCOMP                                     89       1       1       0   .abs_section_89
     _REV                                        8A       1       1       0   .abs_section_8a
     _INTSTAT                                    90       1       1       0   .abs_section_90
     _INTENB                                     91       1       1       0   .abs_section_91
     _ERRSTAT                                    92       1       1       0   .abs_section_92
     _ERRENB                                     93       1       1       0   .abs_section_93
     _STAT                                       94       1       1       0   .abs_section_94
     _CTL                                        95       1       1       0   .abs_section_95
     _ADDR                                       96       1       1       0   .abs_section_96
     _FRMNUML                                    97       1       1       0   .abs_section_97
     _FRMNUMH                                    98       1       1       0   .abs_section_98
     _EPCTL0                                     9D       1       1       0   .abs_section_9d
     _EPCTL1                                     9E       1       1       0   .abs_section_9e
     _EPCTL2                                     9F       1       1       0   .abs_section_9f
     _EPCTL3                                     A0       1       1       0   .abs_section_a0
     _EPCTL4                                     A1       1       1       0   .abs_section_a1
     _EPCTL5                                     A2       1       1       0   .abs_section_a2
     _EPCTL6                                     A3       1       1       0   .abs_section_a3
     estadoActual                               100       1       1       1   .data       
     secuencia                                  101      C8     200       1   .data       
     usoActual                                  1C9       1       1       1   .data       
     digito                                     1CA       A      10       2   .data       
     estado                                     1D4       1       1       5   .data       
     estadoAnterior                             1D5       1       1       3   .data       
     t                                          1D6       2       2       7   .bss        
     u                                          1D8       2       2       7   .bss        
     w                                          1DA       2       2       3   .bss        
     contadorPulsos                             1DC       2       2       6   .bss        
     decodificacion                             1DE       2       2       3   .bss        
     v                                          1E0      28      40       4   .bss        
     esperoSigInstruccion                       208       1       1       3   .bss        
     terminoStart                               209       1       1       1   .bss        
     confirmacionPendiente                      20A       1       1       4   .bss        
     velElegida                                 20B       1       1       6   .bss        
     controlEncendido                           20C       1       1       5   .bss        
     contadorCiclos                             20D       1       1       4   .bss        
     contadorSegundos                           20E       1       1       3   .bss        
     contadorMinutos                            20F       1       1       3   .bss        
     cantidadHoras                              210       2       2       3   .bss        
     pulsos                                     212       1       1       1   .bss        
     resultado                                  213       2       2       1   .common     
     errno                                      215       2       2       2   .common     
     _SRS                                      1800       1       1       0   .abs_section_1800
     _SBDFR                                    1801       1       1       0   .abs_section_1801
     _SOPT1                                    1802       1       1       1   .abs_section_1802
     _SOPT2                                    1803       1       1       0   .abs_section_1803
     _SDID                                     1806       2       2       0   .abs_section_1806
     _SPMSC1                                   1809       1       1       0   .abs_section_1809
     _SPMSC2                                   180A       1       1       0   .abs_section_180a
     _DBGCA                                    1810       2       2       0   .abs_section_1810
     _DBGCB                                    1812       2       2       0   .abs_section_1812
     _DBGF                                     1814       2       2       0   .abs_section_1814
     _DBGC                                     1816       1       1       0   .abs_section_1816
     _DBGT                                     1817       1       1       0   .abs_section_1817
     _DBGS                                     1818       1       1       0   .abs_section_1818
     _FCDIV                                    1820       1       1       0   .abs_section_1820
     _FOPT                                     1821       1       1       0   .abs_section_1821
     _FCNFG                                    1823       1       1       0   .abs_section_1823
     _FPROT                                    1824       1       1       0   .abs_section_1824
     _FSTAT                                    1825       1       1       0   .abs_section_1825
     _FCMD                                     1826       1       1       0   .abs_section_1826
     _PTAPE                                    1840       1       1       0   .abs_section_1840
     _PTASE                                    1841       1       1       0   .abs_section_1841
     _PTADS                                    1842       1       1       0   .abs_section_1842
     _PTBPE                                    1844       1       1       0   .abs_section_1844
     _PTBSE                                    1845       1       1       0   .abs_section_1845
     _PTBDS                                    1846       1       1       0   .abs_section_1846
     _PTCPE                                    1848       1       1       0   .abs_section_1848
     _PTCSE                                    1849       1       1       0   .abs_section_1849
     _PTCDS                                    184A       1       1       0   .abs_section_184a
     _PTDPE                                    184C       1       1       0   .abs_section_184c
     _PTDSE                                    184D       1       1       0   .abs_section_184d
     _PTDDS                                    184E       1       1       0   .abs_section_184e
     _PTEPE                                    1850       1       1       0   .abs_section_1850
     _PTESE                                    1851       1       1       0   .abs_section_1851
     _PTEDS                                    1852       1       1       0   .abs_section_1852
     _PTFPE                                    1854       1       1       0   .abs_section_1854
     _PTFSE                                    1855       1       1       0   .abs_section_1855
     _PTFDS                                    1856       1       1       0   .abs_section_1856
     _PTGPE                                    1858       1       1       0   .abs_section_1858
     _PTGSE                                    1859       1       1       0   .abs_section_1859
     _PTGDS                                    185A       1       1       0   .abs_section_185a
     loadByte                                  1960       E      14       5   .init       
     Init                                      196E      6D     109       1   .init       
     _Startup                                  19DB       9       9       0   .init       
     leerEstado                                19F6      2C      44       1   .text       
     leerVelocidad                             1A22      31      49       1   .text       
     main                                      1A53     107     263       3   .text       
     initDeteccionFlancos                      1B5A       8       8       1   .text       
     inicializacionPuertos                     1B62      29      41       1   .text       
     inicializacionTimer                       1B8B       9       9       1   .text       
     tovf                                      1B94      15      21       1   .text       
     tiempoDeMedicion                          1BA9      6C     108       1   .text       
     decodificado                              1C15      7D     125       1   .text       
     estadoControl                             1C92       F      15       1   .text       
     iniciarCambioDeModo                       1CA1      54      84       1   .text       
     indicarCambioDeModo                       1CF5      33      51       1   .text       
     cambiarVelocidad                          1D28      13      19       1   .text       
     setVelocidad                              1D3B       5       5       1   .text       
     notificarConBuzzer                        1D40      1B      27       6   .text       
     mostrarUso                                1D5B      27      39       2   .text       
     estadoPOnOff                              1D82      4A      74       2   .text       
     estadoPCV                                 1DCC      4A      74       2   .text       
     indicarVelocidadElegida                   1E16       8       8       1   .text       
     apagar                                    1E1E       E      14       2   .text       
     apagarTimer                               1E2C       3       3       1   .text       
     encender                                  1E2F       B      11       2   .text       
     pinInterrupt                              1E3A       8       8       1   .text       
     tm1Interrupt                              1E42      34      52       1   .text       
     manejarDC0                                1E76      36      54       1   .text       
     mostrarNumero                             1EAC      51      81       7   .text       
     mostrarHorasEnDisplay                     1EFD     14E     334       1   .text       
     cicloCompleto                             204B      17      23       1   .text       
     delay                                     2062      1E      30       2   .text       
     determinarUso                             2080      37      55       1   .text       
     isdigit                                   20B7       E      14       1   .text       
     isspace                                   20C5      1E      30       2   .text       
     toupper                                   20E3      1C      28       3   .text       
     _PUSH_ARGS_L                              20FF      20      32       2   .text       
     _ENTER_UNARY_L                            211F      29      41       1   .text       
     _ENTER_BINARY_L                           2148      16      22       4   .text       
     _ENTER_BINARY_L_LC                        215E      1A      26       1   .text       
     _IDIVMOD                                  2178      69     105       1   .text       
     _SPLITSIGN                                21E1      1C      28       1   .text       
     _LADD_k_is_k_plus_j                       21FD      1F      31       1   .text       
     _k_is_k_plus_j_l                          221C      1E      30       2   .text       
     _k_is_k_plus_j_i                          223A      12      18       3   .text       
     _LSUB_k_is_k_minus_j                      224C      1F      31       1   .text       
     _LMUL_k_is_k_mul_j                        226B      81     129       1   .text       
     _LDIVMOD                                  22EC      A4     164       1   .text       
     _LDIVU_k_is_k_div_j                       2390      17      23       1   .text       
     _LCMP_k_rel_j                             23A7      1F      31       1   .text       
     _IMUL_STAR08                              23C6      27      39       6   .text       
     _IDIVS_STAR08                             23ED      1B      27       3   .text       
     _LNEG                                     2408      1C      28       1   .text       
     _LADD                                     2424       6       6       1   .text       
     _LSUB_LC                                  242A       6       6       1   .text       
     _LMUL                                     2430       6       6       1   .text       
     _LDIVU                                    2436       6       6       1   .text       
     _LCMP                                     243C       6       6       1   .text       
     _COPY                                     2442      30      48       3   .text       
     _POP32                                    2472      1A      26       2   .text       
     _SEXT16_32                                248C       D      13       3   .text       
     _Jump_Table_Header_Offset                 2499      24      36       4   .text       
     _PUSH_CC                                  24BD       F      15       1   .text       
     _POP_CC                                   24CC       F      15       1   .text       
     CheckCharWithBase                         24DB      50      80       2   .text       
     _strtoul                                  252B     1FF     511       9   .text       
     _strtol                                   272A     152     338       2   .text       
     strtol                                    287C      2D      45       1   .text       
     _Vector_25                                FFCC       2       2       0   .abs_section_ffcc
     _Vector_15                                FFE0       2       2       0   .abs_section_ffe0
     _Vector_11                                FFE8       2       2       0   .abs_section_ffe8

*********************************************************************************************
UNUSED-OBJECTS SECTION
---------------------------------------------------------------------------------------------
NOT USED PROCEDURES
main_c.obj:
  inicializacionPinInterrupts reiniciarHoras leerHorasDeMemoria 
  chequeoDeIntegridad fHash escribirHorasEnMemoria 
utils_c.obj:
  my_itoa 
ctype.o (ansiis.lib):
  isalnum isalpha iscntrl isgraph islower isprint ispunct isupper isxdigit 
  tolower 
rtshc08.o (ansiis.lib):
  _PUSH_ARGS_D _ENTER_UNARY_L64 _ENTER_UNARY_L64_4 _ENTER_BINARY_L_RC 
  _ENTER_BINARY_L64 _ENTER_BINARY_L64_LC _ENTER_BINARY_L64_RC 
  _LAND_k_is_k_and_j _LOR_k_is_k_or_j _LXOR_k_is_k_xor_j _NEG_L_HX _ABS_L_HX 
  _SPLITSIGN_L _LMODU_k_is_k_mod_j _LMODS_k_is_k_mod_j _LDIVS_k_is_k_div_j 
  _CMP24_k_rel_j _BMULS _BDIVS _BMODS _IDIVU_STAR08 _IMODS_STAR08 _IMODU_STAR08 
  _IDIVU_8 _IMODU_8 _IASR _ILSR _ILSL _ICMP _LINC _LDEC _LNOT _LADD_RC _LSUB 
  _LSUB_RC _LAND _LAND_RC _LOR _LOR_RC _LXOR _LXOR_RC _LMUL_RC _LDIVS _LDIVS_LC 
  _LDIVS_RC _LDIVU_LC _LDIVU_RC _LMODS _LMODS_LC _LMODS_RC _LMODU _LMODU_LC 
  _LMODU_RC _LASR _LLSR _LLSL _LCMP_RC _PUSH_ARGS_24 _ENTER_BINARY_24_RC 
  _ENTER_BINARY_24 _CMP24 _CMP24_RC _COPY_L _POP64 _STORE32 _STORE64 _SEXT8_32 
  _CALL_STAR08 _CALL_STAR08_FAR _Jump_Table_Addr _Jump_Table_Offset 
  _Jump_Table_Header_Addr _Search_Table_16_Addr _Search_Table_16_Offset 
  _Search_Table_8_Addr _Search_Table_8_Offset _CONV_FAR_TO_NEAR 
  _CONV_FAR_TO_LINEAR _CONV_LINEAR_TO_FAR 
stdlib.o (ansiis.lib):
  atexit getenv system mblen mbtowc wctomb mbstowcs wcstombs strtoul _itoa 
  bsearch swap qsort div ldiv abs labs rand srand 
NOT USED VARIABLES
main_c.obj:
  START prueba j bitDeco confirmacion traduccion aux 
utils_c.obj:
  STRING..d.1 
ctype.o (ansiis.lib):
  _ctype 
rtshc08.o (ansiis.lib):
  _PowOfTwo_8 _PowOfTwo_16 _PowOfTwo_32 
stdlib.o (ansiis.lib):
  seed channels 

*********************************************************************************************
COPYDOWN SECTION
---------------------------------------------------------------------------------------------
------- ROM-ADDRESS: 0x28A9 ---- SIZE       4 ---
Filling bytes inserted
 00D60100
------- ROM-ADDRESS: 0x28AD ---- RAM-ADDRESS: 0x100 ---- SIZE       1 ---
Name of initialized Object : estadoActual
 30
------- ROM-ADDRESS: 0x28AE ---- RAM-ADDRESS: 0x101 ---- SIZE     200 ---
Name of initialized Object : secuencia
 0100000100 0001000001 0000010000
 0100000101 0100000100 0001000001
 0100010000 0100000101 0100000101
 0001010001 0100010000 0100000101
 0100000101 0001010001 0100010000
 0101000101 0100000101 0001010001
 0100010100 0101000101 0101010101
 0001010001 0100010100 0101000101
 0101010101 0001010001 0100010101
 0101000101 0101010101 0001010101
 0100010101 0101000101 0101010101
 0101010101 0101010101 0101000101
 0101010101 0101010101 0101010101
 0101010101
------- ROM-ADDRESS: 0x2976 ---- RAM-ADDRESS: 0x1C9 ---- SIZE       1 ---
Name of initialized Object : usoActual
 01
------- ROM-ADDRESS: 0x2977 ---- RAM-ADDRESS: 0x1CA ---- SIZE      10 ---
Name of initialized Object : digito
 7E306D7933 5B5F707F7B
------- ROM-ADDRESS: 0x2981 ---- RAM-ADDRESS: 0x1D4 ---- SIZE       1 ---
Name of initialized Object : estado
 01
------- ROM-ADDRESS: 0x2982 ---- RAM-ADDRESS: 0x1D5 ---- SIZE       1 ---
Name of initialized Object : estadoAnterior
 02
------- ROM-ADDRESS: 0x2983 ---- SIZE       2 ---
Filling bytes inserted
 0000

*********************************************************************************************
OBJECT-DEPENDENCIES SECTION
---------------------------------------------------------------------------------------------
Init                      USES _startupData loadByte 
_Startup                  USES __SEG_END_SSTACK Init main 
leerVelocidad             USES strtol 
main                      USES _SOPT1 inicializacionPuertos 
                                initDeteccionFlancos _PTGD _PTCD estado main 
                                _Jump_Table_Header_Offset estadoAnterior iniciarCambioDeModo 
                                estadoPOnOff estadoPCV controlEncendido encender apagar 
                                velElegida indicarVelocidadElegida cantidadHoras 
                                determinarUso usoActual mostrarUso cambiarVelocidad 
                                mostrarNumero confirmacionPendiente notificarConBuzzer 
                                mostrarHorasEnDisplay 
initDeteccionFlancos      USES _TPM1C1SC _TPM1SC 
inicializacionPuertos     USES _PTBDD _PTGDD _PTCDD _PTBD _PTGD _PTCD _PTADD 
inicializacionTimer       USES _TPM1SC _TPM1MOD 
tovf                      USES esperoSigInstruccion _TPM1C2SC tiempoDeMedicion 
tiempoDeMedicion          USES w decodificacion _TPM1C0V t u resultado 
                                decodificado 
decodificado              USES contadorPulsos v terminoStart 
                                esperoSigInstruccion _TPM1C0SC estadoActual leerEstado 
                                leerVelocidad estadoControl setVelocidad 
estadoControl             USES apagar encender 
iniciarCambioDeModo       USES _TPM2SC _TPM2MOD _PTGD _PTCD 
                                indicarCambioDeModo 
indicarCambioDeModo       USES mostrarNumero delay _PUSH_CC _POP_CC 
cambiarVelocidad          USES velElegida notificarConBuzzer 
setVelocidad              USES velElegida 
notificarConBuzzer        USES _PTGD 
mostrarUso                USES _Jump_Table_Header_Offset _PTBD 
estadoPOnOff              USES _Jump_Table_Header_Offset _PTGD 
estadoPCV                 USES _Jump_Table_Header_Offset _PTCD 
indicarVelocidadElegida   USES digito mostrarNumero 
apagar                    USES apagarTimer mostrarUso controlEncendido 
                                notificarConBuzzer 
apagarTimer               USES _TPM1SC 
encender                  USES inicializacionTimer controlEncendido 
                                notificarConBuzzer 
pinInterrupt              USES _KBISC manejarDC0 
tm1Interrupt              USES _TPM1SC controlEncendido contadorSegundos 
                                contadorMinutos cantidadHoras 
manejarDC0                USES pulsos cicloCompleto contadorCiclos velElegida 
                                secuencia _PTBD 
mostrarNumero             USES _PTCDD _PTCD 
mostrarHorasEnDisplay     USES _IDIVS_STAR08 _IMUL_STAR08 digito mostrarNumero 
                                delay 
delay                     USES _TPM2SC _TPM2MOD 
_ENTER_BINARY_L           USES _PUSH_ARGS_L 
_ENTER_BINARY_L_LC        USES _PUSH_ARGS_L 
_SPLITSIGN                USES _IDIVMOD 
_LMUL_k_is_k_mul_j        USES _k_is_k_plus_j_l _k_is_k_plus_j_i 
_LDIVU_k_is_k_div_j       USES _LDIVMOD 
_IDIVS_STAR08             USES _SPLITSIGN 
_LNEG                     USES _ENTER_UNARY_L 
_LADD                     USES _ENTER_BINARY_L _LADD_k_is_k_plus_j 
_LSUB_LC                  USES _ENTER_BINARY_L_LC _LSUB_k_is_k_minus_j 
_LMUL                     USES _ENTER_BINARY_L _LMUL_k_is_k_mul_j 
_LDIVU                    USES _ENTER_BINARY_L _LDIVU_k_is_k_div_j 
_LCMP                     USES _ENTER_BINARY_L _LCMP_k_rel_j 
CheckCharWithBase         USES toupper 
_strtoul                  USES _strtoul isspace toupper CheckCharWithBase 
                                _SEXT16_32 _LSUB_LC _LDIVU _LCMP _LMUL _LADD _POP32 errno 
                                _COPY 
_strtol                   USES isspace _strtol isdigit _strtoul errno _LNEG 
                                _POP32 _COPY 
strtol                    USES _strtol _COPY 
_Vector_25                USES pinInterrupt 
_Vector_15                USES tm1Interrupt 
_Vector_11                USES tovf 

*********************************************************************************************
DEPENDENCY TREE
*********************************************************************************************
 main and _Startup Group
 | 
 +- main                
 |  | 
 |  +- inicializacionPuertos
 |  |    
 |  +- initDeteccionFlancos
 |  |    
 |  +- _Jump_Table_Header_Offset
 |  |    
 |  +- iniciarCambioDeModo 
 |  |  | 
 |  |  +- indicarCambioDeModo 
 |  |     | 
 |  |     +- mostrarNumero       
 |  |     |    
 |  |     +- delay               
 |  |     |    
 |  |     +- _PUSH_CC            
 |  |     |    
 |  |     +- _POP_CC             
 |  |          
 |  +- estadoPOnOff        
 |  |  | 
 |  |  +- _Jump_Table_Header_Offset (see above)
 |  |     
 |  +- estadoPCV           
 |  |  | 
 |  |  +- _Jump_Table_Header_Offset (see above)
 |  |     
 |  +- encender            
 |  |  | 
 |  |  +- inicializacionTimer 
 |  |  |    
 |  |  +- notificarConBuzzer  
 |  |       
 |  +- apagar              
 |  |  | 
 |  |  +- apagarTimer         
 |  |  |    
 |  |  +- mostrarUso          
 |  |  |  | 
 |  |  |  +- _Jump_Table_Header_Offset (see above)
 |  |  |     
 |  |  +- notificarConBuzzer   (see above)
 |  |     
 |  +- indicarVelocidadElegida
 |  |  | 
 |  |  +- mostrarNumero        (see above)
 |  |     
 |  +- determinarUso       
 |  |    
 |  +- mostrarUso           (see above)
 |  |  
 |  +- cambiarVelocidad    
 |  |  | 
 |  |  +- notificarConBuzzer   (see above)
 |  |     
 |  +- mostrarNumero        (see above)
 |  |  
 |  +- notificarConBuzzer   (see above)
 |  |  
 |  +- mostrarHorasEnDisplay
 |     | 
 |     +- _IDIVS_STAR08       
 |     |  | 
 |     |  +- _SPLITSIGN          
 |     |     | 
 |     |     +- _IDIVMOD            
 |     |          
 |     +- _IMUL_STAR08        
 |     |    
 |     +- mostrarNumero        (see above)
 |     |  
 |     +- delay                (see above)
 |        
 +- _Startup            
    | 
    +- Init                
    |  | 
    |  +- loadByte            
    |       
    +- main                 (see above)
       
 _Vector_11          
 | 
 +- tovf                
    | 
    +- tiempoDeMedicion    
       | 
       +- decodificado        
          | 
          +- leerEstado          
          |    
          +- leerVelocidad       
          |  | 
          |  +- strtol              
          |     | 
          |     +- _strtol             
          |     |  | 
          |     |  +- isspace             
          |     |  |    
          |     |  +- isdigit             
          |     |  |    
          |     |  +- _strtoul            
          |     |  |  | 
          |     |  |  +- isspace              (see above)
          |     |  |  |  
          |     |  |  +- toupper             
          |     |  |  |    
          |     |  |  +- CheckCharWithBase   
          |     |  |  |  | 
          |     |  |  |  +- toupper              (see above)
          |     |  |  |     
          |     |  |  +- _SEXT16_32          
          |     |  |  |    
          |     |  |  +- _LSUB_LC            
          |     |  |  |  | 
          |     |  |  |  +- _ENTER_BINARY_L_LC  
          |     |  |  |  |  | 
          |     |  |  |  |  +- _PUSH_ARGS_L        
          |     |  |  |  |       
          |     |  |  |  +- _LSUB_k_is_k_minus_j
          |     |  |  |       
          |     |  |  +- _LDIVU              
          |     |  |  |  | 
          |     |  |  |  +- _ENTER_BINARY_L     
          |     |  |  |  |  | 
          |     |  |  |  |  +- _PUSH_ARGS_L         (see above)
          |     |  |  |  |     
          |     |  |  |  +- _LDIVU_k_is_k_div_j 
          |     |  |  |     | 
          |     |  |  |     +- _LDIVMOD            
          |     |  |  |          
          |     |  |  +- _LCMP               
          |     |  |  |  | 
          |     |  |  |  +- _ENTER_BINARY_L      (see above)
          |     |  |  |  |  
          |     |  |  |  +- _LCMP_k_rel_j       
          |     |  |  |       
          |     |  |  +- _LMUL               
          |     |  |  |  | 
          |     |  |  |  +- _ENTER_BINARY_L      (see above)
          |     |  |  |  |  
          |     |  |  |  +- _LMUL_k_is_k_mul_j  
          |     |  |  |     | 
          |     |  |  |     +- _k_is_k_plus_j_l    
          |     |  |  |     |    
          |     |  |  |     +- _k_is_k_plus_j_i    
          |     |  |  |          
          |     |  |  +- _LADD               
          |     |  |  |  | 
          |     |  |  |  +- _ENTER_BINARY_L      (see above)
          |     |  |  |  |  
          |     |  |  |  +- _LADD_k_is_k_plus_j 
          |     |  |  |       
          |     |  |  +- _POP32              
          |     |  |  |    
          |     |  |  +- _COPY               
          |     |  |       
          |     |  +- _LNEG               
          |     |  |  | 
          |     |  |  +- _ENTER_UNARY_L      
          |     |  |       
          |     |  +- _POP32               (see above)
          |     |  |  
          |     |  +- _COPY                (see above)
          |     |     
          |     +- _COPY                (see above)
          |        
          +- estadoControl       
          |  | 
          |  +- apagar               (see above)
          |  |  
          |  +- encender             (see above)
          |     
          +- setVelocidad        
               
 _Vector_25          
 | 
 +- pinInterrupt        
    | 
    +- manejarDC0          
       | 
       +- cicloCompleto       
            
 _Vector_15          
 | 
 +- tm1Interrupt        
      
*********************************************************************************************
STATISTIC SECTION
---------------------------------------------------------------------------------------------

ExeFile:
--------
Number of blocks to be downloaded: 7
Total size of all blocks to be downloaded: 4141

